[omollo-victor-potfolio.netlify.app/index.html]
[backblue.gif]
[fade.gif]
[index.html]
[omollo-victor-potfolio.netlify.app/assets/favicon/site.webmanifest]
[omollo-victor-potfolio.netlify.app/styles.css]
[cdnjs.cloudflare.com/ajax/libs/font-awesome/6.4.0/css/all.min.css]
[omollo-victor-potfolio.netlify.app/assets/images/profile-v2.5.delayed]
[omollo-victor-potfolio.netlify.app/assets/files/victor_omollo_resume.pdf]
[omollo-victor-potfolio.netlify.app/assets/images/profile.jpg]
[omollo-victor-potfolio.netlify.app/assets/images/mmu-digital-platform.jpg]
[omollo-victor-potfolio.netlify.app/assets/images/kenyan-recipe.jpg]
[omollo-victor-potfolio.netlify.app/assets/images/mmu-lms.jpg]
[omollo-victor-potfolio.netlify.app/assets/images/govt-projects.jpg]
[omollo-victor-potfolio.netlify.app/index.html]
[omollo-victor-potfolio.netlify.app/assets/favicon/favicon.svg]
[omollo-victor-potfolio.netlify.app/styles.css]
[cdnjs.cloudflare.com/ajax/libs/font-awesome/6.4.0/css/all.min.css]
[omollo-victor-potfolio.netlify.app/assets/images/profile-v2.html]
[omollo-victor-potfolio.netlify.app/script.js]
